<?xml version="1.0" encoding="UTF-8"?>
<testsuites>
  <testsuite name="" tests="26" assertions="70" errors="0" warnings="0" failures="0" skipped="0" time="4.256386">
    <testsuite name="Unit" tests="1" assertions="1" errors="0" warnings="0" failures="0" skipped="0" time="0.004913">
      <testsuite name="Tests\Unit\ExampleTest" file="/home/vagrant/projects/web-app-laravel-boilerplate/tests/Unit/ExampleTest.php" tests="1" assertions="1" errors="0" warnings="0" failures="0" skipped="0" time="0.004913">
        <testcase name="testBasicTest" class="Tests\Unit\ExampleTest" classname="Tests.Unit.ExampleTest" file="/home/vagrant/projects/web-app-laravel-boilerplate/tests/Unit/ExampleTest.php" line="14" assertions="1" time="0.004913"/>
      </testsuite>
    </testsuite>
    <testsuite name="Feature" tests="25" assertions="69" errors="0" warnings="0" failures="0" skipped="0" time="4.251473">
      <testsuite name="Tests\Feature\Api\CronJobControllerTest" file="/home/vagrant/projects/web-app-laravel-boilerplate/tests/Feature/Api/CronJobControllerTest.php" tests="3" assertions="4" errors="0" warnings="0" failures="0" skipped="0" time="0.951764">
        <testcase name="testCronJobOnlyAvailableOnGCPAppEngine" class="Tests\Feature\Api\CronJobControllerTest" classname="Tests.Feature.Api.CronJobControllerTest" file="/home/vagrant/projects/web-app-laravel-boilerplate/tests/Feature/Api/CronJobControllerTest.php" line="9" assertions="1" time="0.194990"/>
        <testcase name="testCronJobOnlyAvailableOnGCPForwarder" class="Tests\Feature\Api\CronJobControllerTest" classname="Tests.Feature.Api.CronJobControllerTest" file="/home/vagrant/projects/web-app-laravel-boilerplate/tests/Feature/Api/CronJobControllerTest.php" line="16" assertions="1" time="0.029925"/>
        <testcase name="testCronJobTriggersScheduleRun" class="Tests\Feature\Api\CronJobControllerTest" classname="Tests.Feature.Api.CronJobControllerTest" file="/home/vagrant/projects/web-app-laravel-boilerplate/tests/Feature/Api/CronJobControllerTest.php" line="23" assertions="2" time="0.726849"/>
      </testsuite>
      <testsuite name="Tests\Feature\Api\Users\FcmRegsitrationTokensControllerDestroyTest" file="/home/vagrant/projects/web-app-laravel-boilerplate/tests/Feature/Api/Users/FcmRegsitrationTokensControllerDestroyTest.php" tests="7" assertions="26" errors="0" warnings="0" failures="0" skipped="0" time="2.003409">
        <testcase name="testRemoveTokenRetainsNotificationKey" class="Tests\Feature\Api\Users\FcmRegsitrationTokensControllerDestroyTest" classname="Tests.Feature.Api.Users.FcmRegsitrationTokensControllerDestroyTest" file="/home/vagrant/projects/web-app-laravel-boilerplate/tests/Feature/Api/Users/FcmRegsitrationTokensControllerDestroyTest.php" line="21" assertions="5" time="1.832743"/>
        <testcase name="testRemoveAllTokensRemovesNotificationKey" class="Tests\Feature\Api\Users\FcmRegsitrationTokensControllerDestroyTest" classname="Tests.Feature.Api.Users.FcmRegsitrationTokensControllerDestroyTest" file="/home/vagrant/projects/web-app-laravel-boilerplate/tests/Feature/Api/Users/FcmRegsitrationTokensControllerDestroyTest.php" line="66" assertions="5" time="0.029037"/>
        <testcase name="testTokenMustBeAuthorized" class="Tests\Feature\Api\Users\FcmRegsitrationTokensControllerDestroyTest" classname="Tests.Feature.Api.Users.FcmRegsitrationTokensControllerDestroyTest" file="/home/vagrant/projects/web-app-laravel-boilerplate/tests/Feature/Api/Users/FcmRegsitrationTokensControllerDestroyTest.php" line="105" assertions="2" time="0.031055"/>
        <testcase name="testTokenIsForbiddenForOtherUser" class="Tests\Feature\Api\Users\FcmRegsitrationTokensControllerDestroyTest" classname="Tests.Feature.Api.Users.FcmRegsitrationTokensControllerDestroyTest" file="/home/vagrant/projects/web-app-laravel-boilerplate/tests/Feature/Api/Users/FcmRegsitrationTokensControllerDestroyTest.php" line="122" assertions="2" time="0.032067"/>
        <testcase name="testTokenIsUnprocessableEntityWithoutRequiredFields" class="Tests\Feature\Api\Users\FcmRegsitrationTokensControllerDestroyTest" classname="Tests.Feature.Api.Users.FcmRegsitrationTokensControllerDestroyTest" file="/home/vagrant/projects/web-app-laravel-boilerplate/tests/Feature/Api/Users/FcmRegsitrationTokensControllerDestroyTest.php" line="146" assertions="4" time="0.022908"/>
        <testcase name="testTokenIsUnprocessableEntityWithoutStringFields" class="Tests\Feature\Api\Users\FcmRegsitrationTokensControllerDestroyTest" classname="Tests.Feature.Api.Users.FcmRegsitrationTokensControllerDestroyTest" file="/home/vagrant/projects/web-app-laravel-boilerplate/tests/Feature/Api/Users/FcmRegsitrationTokensControllerDestroyTest.php" line="166" assertions="4" time="0.023319"/>
        <testcase name="testTokenIsUnprocessableEntityWithoutExistingFields" class="Tests\Feature\Api\Users\FcmRegsitrationTokensControllerDestroyTest" classname="Tests.Feature.Api.Users.FcmRegsitrationTokensControllerDestroyTest" file="/home/vagrant/projects/web-app-laravel-boilerplate/tests/Feature/Api/Users/FcmRegsitrationTokensControllerDestroyTest.php" line="186" assertions="4" time="0.032280"/>
      </testsuite>
      <testsuite name="Tests\Feature\Api\Users\FcmRegsitrationTokensControllerStoreTest" file="/home/vagrant/projects/web-app-laravel-boilerplate/tests/Feature/Api/Users/FcmRegsitrationTokensControllerStoreTest.php" tests="8" assertions="32" errors="0" warnings="0" failures="0" skipped="0" time="0.246028">
        <testcase name="testNewTokenSavesNotificationKey" class="Tests\Feature\Api\Users\FcmRegsitrationTokensControllerStoreTest" classname="Tests.Feature.Api.Users.FcmRegsitrationTokensControllerStoreTest" file="/home/vagrant/projects/web-app-laravel-boilerplate/tests/Feature/Api/Users/FcmRegsitrationTokensControllerStoreTest.php" line="22" assertions="5" time="0.035350"/>
        <testcase name="testNewTokenRemovesOldestTokenWhenMaxedOut" class="Tests\Feature\Api\Users\FcmRegsitrationTokensControllerStoreTest" classname="Tests.Feature.Api.Users.FcmRegsitrationTokensControllerStoreTest" file="/home/vagrant/projects/web-app-laravel-boilerplate/tests/Feature/Api/Users/FcmRegsitrationTokensControllerStoreTest.php" line="58" assertions="6" time="0.029209"/>
        <testcase name="testNewTokenSavesEvenIfAnotherUserHasTheSameToken" class="Tests\Feature\Api\Users\FcmRegsitrationTokensControllerStoreTest" classname="Tests.Feature.Api.Users.FcmRegsitrationTokensControllerStoreTest" file="/home/vagrant/projects/web-app-laravel-boilerplate/tests/Feature/Api/Users/FcmRegsitrationTokensControllerStoreTest.php" line="112" assertions="5" time="0.026537"/>
        <testcase name="testTokenMustBeAuthorized" class="Tests\Feature\Api\Users\FcmRegsitrationTokensControllerStoreTest" classname="Tests.Feature.Api.Users.FcmRegsitrationTokensControllerStoreTest" file="/home/vagrant/projects/web-app-laravel-boilerplate/tests/Feature/Api/Users/FcmRegsitrationTokensControllerStoreTest.php" line="156" assertions="2" time="0.029277"/>
        <testcase name="testTokenIsForbiddenForOtherUser" class="Tests\Feature\Api\Users\FcmRegsitrationTokensControllerStoreTest" classname="Tests.Feature.Api.Users.FcmRegsitrationTokensControllerStoreTest" file="/home/vagrant/projects/web-app-laravel-boilerplate/tests/Feature/Api/Users/FcmRegsitrationTokensControllerStoreTest.php" line="171" assertions="2" time="0.037787"/>
        <testcase name="testTokenIsUnprocessableEntityWithoutRequiredFields" class="Tests\Feature\Api\Users\FcmRegsitrationTokensControllerStoreTest" classname="Tests.Feature.Api.Users.FcmRegsitrationTokensControllerStoreTest" file="/home/vagrant/projects/web-app-laravel-boilerplate/tests/Feature/Api/Users/FcmRegsitrationTokensControllerStoreTest.php" line="193" assertions="4" time="0.022183"/>
        <testcase name="testTokenIsUnprocessableEntityWithoutStringFields" class="Tests\Feature\Api\Users\FcmRegsitrationTokensControllerStoreTest" classname="Tests.Feature.Api.Users.FcmRegsitrationTokensControllerStoreTest" file="/home/vagrant/projects/web-app-laravel-boilerplate/tests/Feature/Api/Users/FcmRegsitrationTokensControllerStoreTest.php" line="211" assertions="4" time="0.032738"/>
        <testcase name="testTokenIsUnprocessableEntityWithoutUniqueFields" class="Tests\Feature\Api\Users\FcmRegsitrationTokensControllerStoreTest" classname="Tests.Feature.Api.Users.FcmRegsitrationTokensControllerStoreTest" file="/home/vagrant/projects/web-app-laravel-boilerplate/tests/Feature/Api/Users/FcmRegsitrationTokensControllerStoreTest.php" line="229" assertions="4" time="0.032946"/>
      </testsuite>
      <testsuite name="Tests\Feature\ForgotPasswordTest" file="/home/vagrant/projects/web-app-laravel-boilerplate/tests/Feature/ForgotPasswordTest.php" tests="4" assertions="4" errors="0" warnings="0" failures="0" skipped="0" time="0.874223">
        <testcase name="testUserCanViewForgotPasswordPage" class="Tests\Feature\ForgotPasswordTest" classname="Tests.Feature.ForgotPasswordTest" file="/home/vagrant/projects/web-app-laravel-boilerplate/tests/Feature/ForgotPasswordTest.php" line="26" assertions="1" time="0.045422"/>
        <testcase name="testUserCanResetPasswordWithValidEmail" class="Tests\Feature\ForgotPasswordTest" classname="Tests.Feature.ForgotPasswordTest" file="/home/vagrant/projects/web-app-laravel-boilerplate/tests/Feature/ForgotPasswordTest.php" line="32" assertions="1" time="0.742257"/>
        <testcase name="testUserCanViewPasswordResetPage" class="Tests\Feature\ForgotPasswordTest" classname="Tests.Feature.ForgotPasswordTest" file="/home/vagrant/projects/web-app-laravel-boilerplate/tests/Feature/ForgotPasswordTest.php" line="52" assertions="1" time="0.054973"/>
        <testcase name="testUserCanSubmitPasswordReset" class="Tests\Feature\ForgotPasswordTest" classname="Tests.Feature.ForgotPasswordTest" file="/home/vagrant/projects/web-app-laravel-boilerplate/tests/Feature/ForgotPasswordTest.php" line="75" assertions="1" time="0.031571"/>
      </testsuite>
      <testsuite name="Tests\Feature\LoginTest" file="/home/vagrant/projects/web-app-laravel-boilerplate/tests/Feature/LoginTest.php" tests="2" assertions="2" errors="0" warnings="0" failures="0" skipped="0" time="0.045250">
        <testcase name="testUserCanViewLoginPage" class="Tests\Feature\LoginTest" classname="Tests.Feature.LoginTest" file="/home/vagrant/projects/web-app-laravel-boilerplate/tests/Feature/LoginTest.php" line="21" assertions="1" time="0.020969"/>
        <testcase name="testUserCanLoginWithValidCredentials" class="Tests\Feature\LoginTest" classname="Tests.Feature.LoginTest" file="/home/vagrant/projects/web-app-laravel-boilerplate/tests/Feature/LoginTest.php" line="27" assertions="1" time="0.024281"/>
      </testsuite>
      <testsuite name="Tests\Feature\RoutesTest" file="/home/vagrant/projects/web-app-laravel-boilerplate/tests/Feature/RoutesTest.php" tests="1" assertions="1" errors="0" warnings="0" failures="0" skipped="0" time="0.130799">
        <testcase name="testRoutesHaveNoServerErrors" class="Tests\Feature\RoutesTest" classname="Tests.Feature.RoutesTest" file="/home/vagrant/projects/web-app-laravel-boilerplate/tests/Feature/RoutesTest.php" line="18" assertions="1" time="0.130799"/>
      </testsuite>
    </testsuite>
  </testsuite>
</testsuites>
